<?xml version="1.0" encoding="UTF-8"?>
<bom xmlns="http://cyclonedx.org/schema/bom/1.2" xmlns:bd="http://cyclonedx.org/schema/ext/bom-descriptor/1.0" version="1" serialNumber="urn:uuid:815fdd6b-917e-423d-8c91-1fe648141505">
  <components>
    <component type="library">
      <name>package1</name>
      <version>1.0.1</version>
      <purl>pkg:deb/ubuntu/package1@1.0.1?arch=amd64</purl>
    </component>
    <component type="library">
      <name>package2</name>
      <version>2.0.1</version>
      <licenses>
        <license>
          <name>MIT</name>
        </license>
        <license>
          <name>Apache-v2</name>
        </license>
      </licenses>
      <purl>pkg:deb/ubuntu/package2@1.0.2?arch=amd64</purl>
    </component>
  </components>
  <bd:metadata>
    <bd:timestamp>2020-11-16T08:45:54-05:00</bd:timestamp>
    <bd:tool>
      <bd:vendor>anchore</bd:vendor>
      <bd:name>syft</bd:name>
      <bd:version>[not provided]</bd:version>
    </bd:tool>
    <bd:component type="file">
      <name>/some/path</name>
      <version></version>
    </bd:component>
  </bd:metadata>
</bom>
