{
 "artifacts": [
  {
   "id": "package-1-id",
   "name": "package-1",
   "version": "1.0.1",
   "type": "python",
   "foundBy": "the-cataloger-1",
   "locations": [
    {
     "path": "/somefile-1.txt",
     "layerID": "sha256:e158b57d6f5a96ef5fd22f2fe76c70b5ba6ff5b2619f9d83125b2aad0492ac7b"
    }
   ],
   "licenses": [
    "MIT"
   ],
   "language": "python",
   "cpes": [
    "cpe:2.3:*:some:package:1:*:*:*:*:*:*:*"
   ],
   "purl": "a-purl-1",
   "metadataType": "PythonPackageMetadata",
   "metadata": {
    "name": "package-1",
    "version": "1.0.1",
    "license": "",
    "author": "",
    "authorEmail": "",
    "platform": "",
    "sitePackagesRootPath": ""
   }
  },
  {
   "id": "package-2-id",
   "name": "package-2",
   "version": "2.0.1",
   "type": "deb",
   "foundBy": "the-cataloger-2",
   "locations": [
    {
     "path": "/somefile-2.txt",
     "layerID": "sha256:da21056e7bf4308ecea0c0836848a7fe92f38fdcf35bc09ee6d98e7ab7beeebf"
    }
   ],
   "licenses": [],
   "language": "",
   "cpes": [
    "cpe:2.3:*:some:package:2:*:*:*:*:*:*:*"
   ],
   "purl": "a-purl-2",
   "metadataType": "DpkgMetadata",
   "metadata": {
    "package": "package-2",
    "source": "",
    "version": "2.0.1",
    "sourceVersion": "",
    "architecture": "",
    "maintainer": "",
    "installedSize": 0,
    "files": null
   }
  }
 ],
 "artifactRelationships": [],
 "source": {
  "type": "image",
  "target": {
   "userInput": "user-image-input",
   "imageID": "sha256:92fbdd71302c666029f11ef5ea49caba6e97daa86cb4dce7874377b26c731d65",
   "manifestDigest": "sha256:2731251dc34951c0e50fcc643b4c5f74922dad1a5d98f302b504cf46cd5d9368",
   "mediaType": "application/vnd.docker.distribution.manifest.v2+json",
   "tags": [
    "stereoscope-fixture-image-simple:e3b0c44298fc1c149afbf4c8996fb92427ae41e4649b934ca495991b7852b855"
   ],
   "imageSize": 38,
   "layers": [
    {
     "mediaType": "application/vnd.docker.image.rootfs.diff.tar.gzip",
     "digest": "sha256:e158b57d6f5a96ef5fd22f2fe76c70b5ba6ff5b2619f9d83125b2aad0492ac7b",
     "size": 22
    },
    {
     "mediaType": "application/vnd.docker.image.rootfs.diff.tar.gzip",
     "digest": "sha256:da21056e7bf4308ecea0c0836848a7fe92f38fdcf35bc09ee6d98e7ab7beeebf",
     "size": 16
    }
   ],
   "manifest": "eyJzY2hlbWFWZXJzaW9uIjoyLCJtZWRpYVR5cGUiOiJhcHBsaWNhdGlvbi92bmQuZG9ja2VyLmRpc3RyaWJ1dGlvbi5tYW5pZmVzdC52Mitqc29uIiwiY29uZmlnIjp7Im1lZGlhVHlwZSI6ImFwcGxpY2F0aW9uL3ZuZC5kb2NrZXIuY29udGFpbmVyLmltYWdlLnYxK2pzb24iLCJzaXplIjoxNTg2LCJkaWdlc3QiOiJzaGEyNTY6OTJmYmRkNzEzMDJjNjY2MDI5ZjExZWY1ZWE0OWNhYmE2ZTk3ZGFhODZjYjRkY2U3ODc0Mzc3YjI2YzczMWQ2NSJ9LCJsYXllcnMiOlt7Im1lZGlhVHlwZSI6ImFwcGxpY2F0aW9uL3ZuZC5kb2NrZXIuaW1hZ2Uucm9vdGZzLmRpZmYudGFyLmd6aXAiLCJzaXplIjoyMDQ4LCJkaWdlc3QiOiJzaGEyNTY6ZTE1OGI1N2Q2ZjVhOTZlZjVmZDIyZjJmZTc2YzcwYjViYTZmZjViMjYxOWY5ZDgzMTI1YjJhYWQwNDkyYWM3YiJ9LHsibWVkaWFUeXBlIjoiYXBwbGljYXRpb24vdm5kLmRvY2tlci5pbWFnZS5yb290ZnMuZGlmZi50YXIuZ3ppcCIsInNpemUiOjIwNDgsImRpZ2VzdCI6InNoYTI1NjpkYTIxMDU2ZTdiZjQzMDhlY2VhMGMwODM2ODQ4YTdmZTkyZjM4ZmRjZjM1YmMwOWVlNmQ5OGU3YWI3YmVlZWJmIn1dfQ==",
   "config": "eyJhcmNoaXRlY3R1cmUiOiJhbWQ2NCIsImNvbmZpZyI6eyJIb3N0bmFtZSI6IiIsIkRvbWFpbm5hbWUiOiIiLCJVc2VyIjoiIiwiQXR0YWNoU3RkaW4iOmZhbHNlLCJBdHRhY2hTdGRvdXQiOmZhbHNlLCJBdHRhY2hTdGRlcnIiOmZhbHNlLCJUdHkiOmZhbHNlLCJPcGVuU3RkaW4iOmZhbHNlLCJTdGRpbk9uY2UiOmZhbHNlLCJFbnYiOlsiUEFUSD0vdXNyL2xvY2FsL3NiaW46L3Vzci9sb2NhbC9iaW46L3Vzci9zYmluOi91c3IvYmluOi9zYmluOi9iaW4iXSwiQ21kIjpudWxsLCJJbWFnZSI6InNoYTI1Njo3MDRjZGI0ZDViYmNlMDhjNzI1N2I0OTUxMWM5YzBlYTc2N2UwNzdmZDhiOGIzNDUxOGMzNjg3YTdmZjFlNTlkIiwiVm9sdW1lcyI6bnVsbCwiV29ya2luZ0RpciI6IiIsIkVudHJ5cG9pbnQiOm51bGwsIk9uQnVpbGQiOm51bGwsIkxhYmVscyI6bnVsbH0sImNvbnRhaW5lcl9jb25maWciOnsiSG9zdG5hbWUiOiIiLCJEb21haW5uYW1lIjoiIiwiVXNlciI6IiIsIkF0dGFjaFN0ZGluIjpmYWxzZSwiQXR0YWNoU3Rkb3V0IjpmYWxzZSwiQXR0YWNoU3RkZXJyIjpmYWxzZSwiVHR5IjpmYWxzZSwiT3BlblN0ZGluIjpmYWxzZSwiU3RkaW5PbmNlIjpmYWxzZSwiRW52IjpbIlBBVEg9L3Vzci9sb2NhbC9zYmluOi91c3IvbG9jYWwvYmluOi91c3Ivc2JpbjovdXNyL2Jpbjovc2JpbjovYmluIl0sIkNtZCI6WyIvYmluL3NoIiwiLWMiLCIjKG5vcCkgQUREIGZpbGU6ZGYzYjc0NGY1NGE5YjE2YjliOWFlZDQwZTNlOThkOWNhMmI0OWY1YTc3ZDlmYThhOTc2OTBkN2JhZjU4ODgyMCBpbiAvc29tZWZpbGUtMi50eHQgIl0sIkltYWdlIjoic2hhMjU2OjcwNGNkYjRkNWJiY2UwOGM3MjU3YjQ5NTExYzljMGVhNzY3ZTA3N2ZkOGI4YjM0NTE4YzM2ODdhN2ZmMWU1OWQiLCJWb2x1bWVzIjpudWxsLCJXb3JraW5nRGlyIjoiIiwiRW50cnlwb2ludCI6bnVsbCwiT25CdWlsZCI6bnVsbCwiTGFiZWxzIjpudWxsfSwiY3JlYXRlZCI6IjIwMjEtMDMtMTNUMTY6MTU6NTAuMDM2MDAwNloiLCJkb2NrZXJfdmVyc2lvbiI6IjIwLjEwLjIiLCJoaXN0b3J5IjpbeyJjcmVhdGVkIjoiMjAyMS0wMy0xM1QxNjoxNTo0OS44NjA5MDgyWiIsImNyZWF0ZWRfYnkiOiIvYmluL3NoIC1jICMobm9wKSBBREQgZmlsZTphYzMyZGEyM2Q1MWU4MDFmMDJmOTI0MTIzZWQzMDk5MGViM2YwZmVjMWI5ZWQ0ZjBiMDZjMjRlODhiOWMzNjk1IGluIC9zb21lZmlsZS0xLnR4dCAifSx7ImNyZWF0ZWQiOiIyMDIxLTAzLTEzVDE2OjE1OjUwLjAzNjAwMDZaIiwiY3JlYXRlZF9ieSI6Ii9iaW4vc2ggLWMgIyhub3ApIEFERCBmaWxlOmRmM2I3NDRmNTRhOWIxNmI5YjlhZWQ0MGUzZTk4ZDljYTJiNDlmNWE3N2Q5ZmE4YTk3NjkwZDdiYWY1ODg4MjAgaW4gL3NvbWVmaWxlLTIudHh0ICJ9XSwib3MiOiJsaW51eCIsInJvb3RmcyI6eyJ0eXBlIjoibGF5ZXJzIiwiZGlmZl9pZHMiOlsic2hhMjU2OmUxNThiNTdkNmY1YTk2ZWY1ZmQyMmYyZmU3NmM3MGI1YmE2ZmY1YjI2MTlmOWQ4MzEyNWIyYWFkMDQ5MmFjN2IiLCJzaGEyNTY6ZGEyMTA1NmU3YmY0MzA4ZWNlYTBjMDgzNjg0OGE3ZmU5MmYzOGZkY2YzNWJjMDllZTZkOThlN2FiN2JlZWViZiJdfX0=",
   "scope": "Squashed"
  }
 },
 "distro": {
  "name": "",
  "version": "",
  "idLike": ""
 },
 "descriptor": {
  "name": "syft",
  "version": "[not provided]"
 },
 "schema": {
  "version": "1.0.4",
  "url": "https://raw.githubusercontent.com/anchore/syft/main/schema/json/schema-1.0.4.json"
 }
}
