{
 "artifacts": [
  {
   "name": "package-1",
   "version": "1.0.1",
   "type": "python",
   "foundBy": [
    "the-cataloger-1"
   ],
   "locations": [
    {
     "path": "/some/path/pkg1"
    }
   ],
   "licenses": [
    "MIT"
   ],
   "language": "python",
   "metadataType": "python-package-metadata",
   "metadata": {
    "name": "package-1",
    "version": "1.0.1",
    "license": "",
    "author": "",
    "authorEmail": "",
    "platform": "",
    "sitePackagesRootPath": ""
   }
  },
  {
   "name": "package-2",
   "version": "2.0.1",
   "type": "deb",
   "foundBy": [
    "the-cataloger-2"
   ],
   "locations": [
    {
     "path": "/some/path/pkg1"
    }
   ],
   "licenses": null,
   "language": "",
   "metadataType": "dpkg-metadata",
   "metadata": {
    "package": "package-2",
    "source": "",
    "version": "2.0.1",
    "architecture": "",
    "maintainer": "",
    "installedSize": 0,
    "files": null
   }
  }
 ],
 "source": {
  "type": "directory",
  "target": "/some/path"
 },
 "distro": {
  "name": "",
  "version": "",
  "idLike": ""
 },
 "descriptor": {
  "name": "syft",
  "version": "[not provided]",
  "scope": ""
 }
}
