{
 "artifacts": [
  {
   "id": "package-1-id",
   "name": "package-1",
   "version": "1.0.1",
   "type": "python",
   "foundBy": "the-cataloger-1",
   "locations": [
    {
     "path": "/somefile-1.txt",
     "layerID": "sha256:2abd6dc7d143b384177da9a30f5311eb1f6c4e920eb6e218ec32b58c1a8806b1"
    }
   ],
   "licenses": [
    "MIT"
   ],
   "language": "python",
   "cpes": [
    "cpe:2.3:*:some:package:1:*:*:*:*:*:*:*"
   ],
   "purl": "a-purl-1",
   "metadataType": "PythonPackageMetadata",
   "metadata": {
    "name": "package-1",
    "version": "1.0.1",
    "license": "",
    "author": "",
    "authorEmail": "",
    "platform": "",
    "sitePackagesRootPath": ""
   }
  },
  {
   "id": "package-2-id",
   "name": "package-2",
   "version": "2.0.1",
   "type": "deb",
   "foundBy": "the-cataloger-2",
   "locations": [
    {
     "path": "/somefile-2.txt",
     "layerID": "sha256:63574b0cbd9fcfc799d82a449c0975ee3f3560747b0957f042938bdec902c4cc"
    }
   ],
   "licenses": [],
   "language": "",
   "cpes": [
    "cpe:2.3:*:some:package:2:*:*:*:*:*:*:*"
   ],
   "purl": "a-purl-2",
   "metadataType": "DpkgMetadata",
   "metadata": {
    "package": "package-2",
    "source": "",
    "version": "2.0.1",
    "sourceVersion": "",
    "architecture": "",
    "maintainer": "",
    "installedSize": 0,
    "files": null
   }
  }
 ],
 "source": {
  "type": "image",
  "target": {
   "userInput": "user-image-input",
   "imageID": "sha256:0a7326bbb1c3c467969c7a73deb6366b1e34eb034616b97f8614ad662cad1ce1",
   "manifestDigest": "sha256:2731251dc34951c0e50fcc643b4c5f74922dad1a5d98f302b504cf46cd5d9368",
   "mediaType": "application/vnd.docker.distribution.manifest.v2+json",
   "tags": [
    "stereoscope-fixture-image-simple:04e16e44161c8888a1a963720fd0443cbf7eef8101434c431de8725cd98cc9f7"
   ],
   "imageSize": 65,
   "scope": "Squashed",
   "layers": [
    {
     "mediaType": "application/vnd.docker.image.rootfs.diff.tar.gzip",
     "digest": "sha256:2abd6dc7d143b384177da9a30f5311eb1f6c4e920eb6e218ec32b58c1a8806b1",
     "size": 22
    },
    {
     "mediaType": "application/vnd.docker.image.rootfs.diff.tar.gzip",
     "digest": "sha256:63574b0cbd9fcfc799d82a449c0975ee3f3560747b0957f042938bdec902c4cc",
     "size": 16
    },
    {
     "mediaType": "application/vnd.docker.image.rootfs.diff.tar.gzip",
     "digest": "sha256:b102400548006e8dfa3abf6e2b2e6f1c440e29936d91a36e145736e2fd8cf0a1",
     "size": 27
    }
   ],
   "manifest": "eyJzY2hlbWFWZXJzaW9uIjoyLCJtZWRpYVR5cGUiOiJhcHBsaWNhdGlvbi92bmQuZG9ja2VyLmRpc3RyaWJ1dGlvbi5tYW5pZmVzdC52Mitqc29uIiwiY29uZmlnIjp7Im1lZGlhVHlwZSI6ImFwcGxpY2F0aW9uL3ZuZC5kb2NrZXIuY29udGFpbmVyLmltYWdlLnYxK2pzb24iLCJzaXplIjoxODA4LCJkaWdlc3QiOiJzaGEyNTY6MGE3MzI2YmJiMWMzYzQ2Nzk2OWM3YTczZGViNjM2NmIxZTM0ZWIwMzQ2MTZiOTdmODYxNGFkNjYyY2FkMWNlMSJ9LCJsYXllcnMiOlt7Im1lZGlhVHlwZSI6ImFwcGxpY2F0aW9uL3ZuZC5kb2NrZXIuaW1hZ2Uucm9vdGZzLmRpZmYudGFyLmd6aXAiLCJzaXplIjoyMDQ4LCJkaWdlc3QiOiJzaGEyNTY6MmFiZDZkYzdkMTQzYjM4NDE3N2RhOWEzMGY1MzExZWIxZjZjNGU5MjBlYjZlMjE4ZWMzMmI1OGMxYTg4MDZiMSJ9LHsibWVkaWFUeXBlIjoiYXBwbGljYXRpb24vdm5kLmRvY2tlci5pbWFnZS5yb290ZnMuZGlmZi50YXIuZ3ppcCIsInNpemUiOjIwNDgsImRpZ2VzdCI6InNoYTI1Njo2MzU3NGIwY2JkOWZjZmM3OTlkODJhNDQ5YzA5NzVlZTNmMzU2MDc0N2IwOTU3ZjA0MjkzOGJkZWM5MDJjNGNjIn0seyJtZWRpYVR5cGUiOiJhcHBsaWNhdGlvbi92bmQuZG9ja2VyLmltYWdlLnJvb3Rmcy5kaWZmLnRhci5nemlwIiwic2l6ZSI6MzU4NCwiZGlnZXN0Ijoic2hhMjU2OmIxMDI0MDA1NDgwMDZlOGRmYTNhYmY2ZTJiMmU2ZjFjNDQwZTI5OTM2ZDkxYTM2ZTE0NTczNmUyZmQ4Y2YwYTEifV19",
   "config": "eyJhcmNoaXRlY3R1cmUiOiJhbWQ2NCIsImNvbmZpZyI6eyJIb3N0bmFtZSI6IiIsIkRvbWFpbm5hbWUiOiIiLCJVc2VyIjoiIiwiQXR0YWNoU3RkaW4iOmZhbHNlLCJBdHRhY2hTdGRvdXQiOmZhbHNlLCJBdHRhY2hTdGRlcnIiOmZhbHNlLCJUdHkiOmZhbHNlLCJPcGVuU3RkaW4iOmZhbHNlLCJTdGRpbk9uY2UiOmZhbHNlLCJFbnYiOlsiUEFUSD0vdXNyL2xvY2FsL3NiaW46L3Vzci9sb2NhbC9iaW46L3Vzci9zYmluOi91c3IvYmluOi9zYmluOi9iaW4iXSwiQ21kIjpudWxsLCJJbWFnZSI6InNoYTI1Njo4YjlhNTM1MmM3YzU3M2RmNTkxYTYwMzA0NzIxMmU3ZmYzOGI3YjRiYzZiMzk1NmI3Zjk2Nzk0MWU3NGMyMjhkIiwiVm9sdW1lcyI6bnVsbCwiV29ya2luZ0RpciI6IiIsIkVudHJ5cG9pbnQiOm51bGwsIk9uQnVpbGQiOm51bGwsIkxhYmVscyI6bnVsbH0sImNvbnRhaW5lcl9jb25maWciOnsiSG9zdG5hbWUiOiIiLCJEb21haW5uYW1lIjoiIiwiVXNlciI6IiIsIkF0dGFjaFN0ZGluIjpmYWxzZSwiQXR0YWNoU3Rkb3V0IjpmYWxzZSwiQXR0YWNoU3RkZXJyIjpmYWxzZSwiVHR5IjpmYWxzZSwiT3BlblN0ZGluIjpmYWxzZSwiU3RkaW5PbmNlIjpmYWxzZSwiRW52IjpbIlBBVEg9L3Vzci9sb2NhbC9zYmluOi91c3IvbG9jYWwvYmluOi91c3Ivc2JpbjovdXNyL2Jpbjovc2JpbjovYmluIl0sIkNtZCI6WyIvYmluL3NoIiwiLWMiLCIjKG5vcCkgQUREIGRpcjpjOTM3YzZhYTUwODkwN2UyODUwOWI2NDRhMTJmOGQ2YzY3ZDM0ZTk2OWY4M2IxNGRlZTkzZWExN2Q3NjkwMjhhIGluIC8gIl0sIkltYWdlIjoic2hhMjU2OjhiOWE1MzUyYzdjNTczZGY1OTFhNjAzMDQ3MjEyZTdmZjM4YjdiNGJjNmIzOTU2YjdmOTY3OTQxZTc0YzIyOGQiLCJWb2x1bWVzIjpudWxsLCJXb3JraW5nRGlyIjoiIiwiRW50cnlwb2ludCI6bnVsbCwiT25CdWlsZCI6bnVsbCwiTGFiZWxzIjpudWxsfSwiY3JlYXRlZCI6IjIwMjEtMDMtMjJUMTM6MDg6MzUuNDkyOTI1MzAzWiIsImRvY2tlcl92ZXJzaW9uIjoiMjAuMTAuMiIsImhpc3RvcnkiOlt7ImNyZWF0ZWQiOiIyMDIxLTAzLTIyVDEzOjA4OjM1LjA5NDMxMjQ3NloiLCJjcmVhdGVkX2J5IjoiL2Jpbi9zaCAtYyAjKG5vcCkgQUREIGZpbGU6YWMzMmRhMjNkNTFlODAxZjAyZjkyNDEyM2VkMzA5OTBlYjNmMGZlYzFiOWVkNGYwYjA2YzI0ZTg4YjljMzY5NSBpbiAvc29tZWZpbGUtMS50eHQgIn0seyJjcmVhdGVkIjoiMjAyMS0wMy0yMlQxMzowODozNS4yODk5MjIwNTFaIiwiY3JlYXRlZF9ieSI6Ii9iaW4vc2ggLWMgIyhub3ApIEFERCBmaWxlOmRmM2I3NDRmNTRhOWIxNmI5YjlhZWQ0MGUzZTk4ZDljYTJiNDlmNWE3N2Q5ZmE4YTk3NjkwZDdiYWY1ODg4MjAgaW4gL3NvbWVmaWxlLTIudHh0ICJ9LHsiY3JlYXRlZCI6IjIwMjEtMDMtMjJUMTM6MDg6MzUuNDkyOTI1MzAzWiIsImNyZWF0ZWRfYnkiOiIvYmluL3NoIC1jICMobm9wKSBBREQgZGlyOmM5MzdjNmFhNTA4OTA3ZTI4NTA5YjY0NGExMmY4ZDZjNjdkMzRlOTY5ZjgzYjE0ZGVlOTNlYTE3ZDc2OTAyOGEgaW4gLyAifV0sIm9zIjoibGludXgiLCJyb290ZnMiOnsidHlwZSI6ImxheWVycyIsImRpZmZfaWRzIjpbInNoYTI1NjoyYWJkNmRjN2QxNDNiMzg0MTc3ZGE5YTMwZjUzMTFlYjFmNmM0ZTkyMGViNmUyMThlYzMyYjU4YzFhODgwNmIxIiwic2hhMjU2OjYzNTc0YjBjYmQ5ZmNmYzc5OWQ4MmE0NDljMDk3NWVlM2YzNTYwNzQ3YjA5NTdmMDQyOTM4YmRlYzkwMmM0Y2MiLCJzaGEyNTY6YjEwMjQwMDU0ODAwNmU4ZGZhM2FiZjZlMmIyZTZmMWM0NDBlMjk5MzZkOTFhMzZlMTQ1NzM2ZTJmZDhjZjBhMSJdfX0="
  }
 },
 "distro": {
  "name": "",
  "version": "",
  "idLike": ""
 },
 "descriptor": {
  "name": "syft",
  "version": "[not provided]"
 },
 "schema": {
  "version": "1.0.3",
  "url": "https://raw.githubusercontent.com/anchore/syft/main/schema/json/schema-1.0.3.json"
 },
 "artifactRelationships": []
}
